

================================================================
== Synthesis Summary Report of 'Filter_HW'
================================================================
+ General Information: 
    * Date:           Fri Oct 27 15:51:15 2023
    * Version:        2020.2 (Build 3064766 on Wed Nov 18 09:12:47 MST 2020)
    * Project:        ese532_hw7
    * Solution:       P4 (Vitis Kernel Flow Target)
    * Product family: zynquplus
    * Target device:  xczu3eg-sbva484-1-i
    

+ Performance & Resource Estimates: 
    
    PS: '+' for module; 'o' for loop; '*' for dataflow
    +----------------------------------------+--------+-------+---------+-----------+----------+---------+--------+----------+---------+---------+------------+-----------+-----+
    |                 Modules                |  Issue |       | Latency |  Latency  | Iteration|         |  Trip  |          |         |         |            |           |     |
    |                 & Loops                |  Type  | Slack | (cycles)|    (ns)   |  Latency | Interval|  Count | Pipelined|  BRAM   |   DSP   |     FF     |    LUT    | URAM|
    +----------------------------------------+--------+-------+---------+-----------+----------+---------+--------+----------+---------+---------+------------+-----------+-----+
    |+ Filter_HW*                            |  Timing|   0.00|   386252|  2.575e+06|         -|   255709|       -|  dataflow|  37 (8%)|  2 (~0%)|   4904 (3%)|  6954 (9%)|    -|
    | + grp_read_input_13_fu_112             |  Timing|   0.00|   129673|  8.645e+05|         -|   129673|       -|        no|        -|        -|  1173 (~0%)|  575 (~0%)|    -|
    |  o mem_rd                              |       -|  -4.87|   129601|  8.640e+05|         3|        1|  129600|       yes|        -|        -|           -|          -|    -|
    | + grp_write_result_1_fu_123            |  Timing|   0.00|   125207|  8.348e+05|         -|   125207|       -|        no|        -|        -|   984 (~0%)|  2757 (3%)|    -|
    |  o mem_wr                              |       -|  -4.87|   125205|  8.347e+05|        71|        1|  125136|       yes|        -|        -|           -|          -|    -|
    | + grp_compute_filter_1_fu_132*         |       -|  -0.64|   386178|  2.575e+06|         -|   255709|       -|  dataflow|   7 (1%)|  2 (~0%)|   654 (~0%)|  1345 (1%)|    -|
    |  + grp_Filter_vertical_HW_1_fu_32      |       -|  -0.64|   255708|  1.705e+06|         -|   255708|       -|        no|   7 (1%)|  1 (~0%)|   254 (~0%)|   775 (1%)|    -|
    |   o VITIS_LOOP_113_2_VITIS_LOOP_114_3  |       -|  -4.87|     3318|  2.212e+04|         2|        1|    3318|       yes|        -|        -|           -|          -|    -|
    |   o VITIS_LOOP_119_4                   |       -|  -4.87|   252386|  1.683e+06|       956|        -|     264|        no|        -|        -|           -|          -|    -|
    |    o VITIS_LOOP_120_5                  |       -|  -4.87|      477|  3.180e+03|         5|        1|     474|       yes|        -|        -|           -|          -|    -|
    |    o VITIS_LOOP_134_7                  |       -|  -4.87|      474|  3.160e+03|         2|        1|     474|       yes|        -|        -|           -|          -|    -|
    |  + grp_Filter_horizontal_HW_1_fu_40    |       -|  -0.80|   130951|  8.731e+05|         -|   130951|       -|        no|        -|  1 (~0%)|   301 (~0%)|  501 (~0%)|    -|
    |   o VITIS_LOOP_56_2                    |       -|  -4.87|   130950|  8.730e+05|       485|        -|     270|        no|        -|        -|           -|          -|    -|
    |    o VITIS_LOOP_61_4                   |       -|  -4.87|      477|  3.180e+03|         5|        1|     474|       yes|        -|        -|           -|          -|    -|
    | + call_ln176_Filter_HW_entry3_fu_142   |       -|  -2.70|        0|      0.000|         -|        0|       -|        no|        -|        -|     2 (~0%)|   29 (~0%)|    -|
    +----------------------------------------+--------+-------+---------+-----------+----------+---------+--------+----------+---------+---------+------------+-----------+-----+

