

================================================================
== Synthesis Summary Report of 'Filter_horizontal_HW'
================================================================
+ General Information: 
    * Date:           Tue Oct 24 10:59:32 2023
    * Version:        2020.2 (Build 3064766 on Wed Nov 18 09:12:47 MST 2020)
    * Project:        ese532_hw7
    * Solution:       Solution1 (Vitis Kernel Flow Target)
    * Product family: zynquplus
    * Target device:  xczu3eg-sbva484-1-i
    

+ Performance & Resource Estimates: 
    
    PS: '+' for module; 'o' for loop; '*' for dataflow
    +------------------------+--------+-------+----------+-----------+----------+----------+------+----------+---------+---------+-----------+-----------+-----+
    |         Modules        |  Issue |       | Latency  |  Latency  | Iteration|          | Trip |          |         |         |           |           |     |
    |         & Loops        |  Type  | Slack | (cycles) |    (ns)   |  Latency | Interval | Count| Pipelined|  BRAM   |   DSP   |     FF    |    LUT    | URAM|
    +------------------------+--------+-------+----------+-----------+----------+----------+------+----------+---------+---------+-----------+-----------+-----+
    |+ Filter_horizontal_HW  |  Timing|   0.00|  20882611|  1.392e+08|         -|  20882612|     -|        no|  2 (~0%)|  1 (~0%)|  1541 (1%)|  3054 (4%)|    -|
    | o VITIS_LOOP_40_2      |       -|  -4.87|  20882610|  1.392e+08|     77343|         -|   270|        no|        -|        -|          -|          -|    -|
    |  o VITIS_LOOP_41_3     |       -|  -4.87|         7|     46.669|         3|         1|     6|       yes|        -|        -|          -|          -|    -|
    |  o VITIS_LOOP_42_4     |       -|  -4.87|     77262|  5.151e+05|       163|         -|   474|        no|        -|        -|          -|          -|    -|
    |   o VITIS_LOOP_45_5    |       -|  -4.87|         6|     40.002|         2|         1|     6|       yes|        -|        -|          -|          -|    -|
    |   o VITIS_LOOP_47_6    |       -|  -4.87|        10|     66.670|         5|         1|     7|       yes|        -|        -|          -|          -|    -|
    +------------------------+--------+-------+----------+-----------+----------+----------+------+----------+---------+---------+-----------+-----------+-----+

