Copyright 1986-2020 Xilinx, Inc. All Rights Reserved.
--------------------------------------------------------------------------------------------------------------------------------------------------------------------------------
| Tool Version : Vivado v.2020.2 (lin64) Build 3064766 Wed Nov 18 09:12:47 MST 2020
| Date         : Sun Oct 29 13:13:28 2023
| Host         : big11.seas.upenn.edu running 64-bit openSUSE Leap 15.5
| Command      : report_accelerator_utilization -kernels { Filter_HW:u96v2_sbc_base_i/Filter_HW_1/U0:Filter_HW_1} -file kernel_util_synthed.rpt -name kernel_util_synthed -json
| Design       : u96v2_sbc_base_wrapper
| Device       : xczu3eg
| Design State : Synthesized
--------------------------------------------------------------------------------------------------------------------------------------------------------------------------------

Accelerator Utilization Design Information

Table of Contents
-----------------
1. System Utilization

1. System Utilization
---------------------

+---------------------+-----------------+-----------------+------------------+---------------+---------------+
| Name                | LUT             | LUTAsMem        | REG              | BRAM          | DSP           |
+---------------------+-----------------+-----------------+------------------+---------------+---------------+
| Platform            | 19107 [ 27.08%] |  1134 [  3.94%] |  21395 [ 15.16%] |   4 [  1.85%] |   0 [  0.00%] |
| User Budget         | 51453 [100.00%] | 27666 [100.00%] | 119725 [100.00%] | 212 [100.00%] | 360 [100.00%] |
|    Used Resources   |  5318 [ 10.34%] |  1392 [  5.03%] |   8598 [  7.18%] |  15 [  7.08%] |   2 [  0.56%] |
|    Unused Resources | 46135 [ 89.66%] | 26274 [ 94.97%] | 111127 [ 92.82%] | 197 [ 92.92%] | 358 [ 99.44%] |
| Filter_HW           |  5318 [ 10.34%] |  1392 [  5.03%] |   8598 [  7.18%] |  15 [  7.08%] |   2 [  0.56%] |
|    Filter_HW_1      |  5318 [ 10.34%] |  1392 [  5.03%] |   8598 [  7.18%] |  15 [  7.08%] |   2 [  0.56%] |
+---------------------+-----------------+-----------------+------------------+---------------+---------------+


