

================================================================
== Synthesis Summary Report of 'Filter_vertical_HW'
================================================================
+ General Information: 
    * Date:           Tue Oct 24 12:04:08 2023
    * Version:        2020.2 (Build 3064766 on Wed Nov 18 09:12:47 MST 2020)
    * Project:        ese532_hw7
    * Solution:       P2 (Vitis Kernel Flow Target)
    * Product family: zynquplus
    * Target device:  xczu3eg-sbva484-1-i
    

+ Performance & Resource Estimates: 
    
    PS: '+' for module; 'o' for loop; '*' for dataflow
    +-----------------------+--------+-------+----------+-----------+----------+----------+------+----------+---------+---------+-----------+-----------+-----+
    |        Modules        |  Issue |       | Latency  |  Latency  | Iteration|          | Trip |          |         |         |           |           |     |
    |        & Loops        |  Type  | Slack | (cycles) |    (ns)   |  Latency | Interval | Count| Pipelined|  BRAM   |   DSP   |     FF    |    LUT    | URAM|
    +-----------------------+--------+-------+----------+-----------+----------+----------+------+----------+---------+---------+-----------+-----------+-----+
    |+ Filter_vertical_HW   |  Timing|   0.00|  20436985|  1.363e+08|         -|  20436986|     -|        no|  2 (~0%)|  2 (~0%)|  1581 (1%)|  2669 (3%)|    -|
    | o VITIS_LOOP_93_2     |       -|  -4.87|  20436984|  1.363e+08|     43116|         -|   474|        no|        -|        -|          -|          -|    -|
    |  o VITIS_LOOP_94_3    |       -|  -4.87|        80|    533.360|        76|         1|     6|       yes|        -|        -|          -|          -|    -|
    |  o VITIS_LOOP_95_4    |       -|  -4.87|     43032|  2.869e+05|       163|         -|   264|        no|        -|        -|          -|          -|    -|
    |   o VITIS_LOOP_98_5   |       -|  -4.87|         6|     40.002|         2|         1|     6|       yes|        -|        -|          -|          -|    -|
    |   o VITIS_LOOP_100_6  |       -|  -4.87|        10|     66.670|         5|         1|     7|       yes|        -|        -|          -|          -|    -|
    +-----------------------+--------+-------+----------+-----------+----------+----------+------+----------+---------+---------+-----------+-----------+-----+

