

================================================================
== Synthesis Summary Report of 'Filter_HW'
================================================================
+ General Information: 
    * Date:           Thu Oct 26 22:48:23 2023
    * Version:        2020.2 (Build 3064766 on Wed Nov 18 09:12:47 MST 2020)
    * Project:        ese532_hw7
    * Solution:       P3e (Vitis Kernel Flow Target)
    * Product family: zynquplus
    * Target device:  xczu3eg-sbva484-1-i
    

+ Performance & Resource Estimates: 
    
    PS: '+' for module; 'o' for loop; '*' for dataflow
    +-------------------------------------+--------+-------+---------+-----------+----------+---------+------+----------+--------+---------+-----------+-----------+-----+
    |               Modules               |  Issue |       | Latency |  Latency  | Iteration|         | Trip |          |        |         |           |           |     |
    |               & Loops               |  Type  | Slack | (cycles)|    (ns)   |  Latency | Interval| Count| Pipelined|  BRAM  |   DSP   |     FF    |    LUT    | URAM|
    +-------------------------------------+--------+-------+---------+-----------+----------+---------+------+----------+--------+---------+-----------+-----------+-----+
    |+ Filter_HW*                         |  Timing|   0.00|   443808|  2.959e+06|         -|   273993|     -|  dataflow|  9 (2%)|  2 (~0%)|  2319 (1%)|  4259 (6%)|    -|
    | + grp_Filter_vertical_HW_fu_88      |  Timing|   0.00|   273992|  1.827e+06|         -|   273992|     -|        no|  7 (1%)|  1 (~0%)|  632 (~0%)|  1357 (1%)|    -|
    |  o VITIS_LOOP_97_2_VITIS_LOOP_98_3  |       -|  -4.87|     3318|  2.212e+04|         2|        1|  3318|       yes|       -|        -|          -|          -|    -|
    |  o VITIS_LOOP_103_4                 |       -|  -4.87|   270670|  1.805e+06|      1025|        -|   264|        no|       -|        -|          -|          -|    -|
    |   o VITIS_LOOP_104_5                |       -|  -4.87|      478|  3.187e+03|         6|        1|   474|       yes|       -|        -|          -|          -|    -|
    |   o VITIS_LOOP_118_7                |       -|  -4.87|      474|  3.160e+03|         2|        1|   474|       yes|       -|        -|          -|          -|    -|
    | + grp_Filter_horizontal_HW3_fu_97   |  Timing|   0.00|   170371|  1.136e+06|         -|   170371|     -|        no|       -|  1 (~0%)|  773 (~0%)|  1793 (2%)|    -|
    |  o VITIS_LOOP_43_2                  |       -|  -4.87|   170370|  1.136e+06|       631|        -|   270|        no|       -|        -|          -|          -|    -|
    |   o VITIS_LOOP_44_3                 |       -|  -4.87|        8|     53.336|         3|        1|     6|       yes|       -|        -|          -|          -|    -|
    |   o VITIS_LOOP_45_4                 |       -|  -4.87|      478|  3.187e+03|         6|        1|   474|       yes|       -|        -|          -|          -|    -|
    +-------------------------------------+--------+-------+---------+-----------+----------+---------+------+----------+--------+---------+-----------+-----------+-----+

