

================================================================
== Synthesis Summary Report of 'Filter_HW'
================================================================
+ General Information: 
    * Date:           Thu Oct 26 22:24:24 2023
    * Version:        2020.2 (Build 3064766 on Wed Nov 18 09:12:47 MST 2020)
    * Project:        ese532_hw7
    * Solution:       P3e (Vitis Kernel Flow Target)
    * Product family: zynquplus
    * Target device:  xczu3eg-sbva484-1-i
    

+ Performance & Resource Estimates: 
    
    PS: '+' for module; 'o' for loop; '*' for dataflow
    +-------------------------------------+--------+-------+---------+-----------+----------+---------+------+----------+---------+---------+-----------+-------------+-----+
    |               Modules               |  Issue |       | Latency |  Latency  | Iteration|         | Trip |          |         |         |           |             |     |
    |               & Loops               |  Type  | Slack | (cycles)|    (ns)   |  Latency | Interval| Count| Pipelined|  BRAM   |   DSP   |     FF    |     LUT     | URAM|
    +-------------------------------------+--------+-------+---------+-----------+----------+---------+------+----------+---------+---------+-----------+-------------+-----+
    |+ Filter_HW*                         |  Timing|   0.00|   445724|  2.972e+06|         -|   275913|     -|  dataflow|  11 (2%)|  2 (~0%)|  7299 (5%)|  42426 (60%)|    -|
    | + grp_Filter_vertical_HW_fu_92      |  Timing|   0.00|   275912|  1.840e+06|         -|   275912|     -|        no|   7 (1%)|  1 (~0%)|  5075 (3%)|  38847 (55%)|    -|
    |  o VITIS_LOOP_97_2                  |       -|  -4.87|     4970|  3.313e+04|       710|        -|     7|        no|        -|        -|          -|            -|    -|
    |  o VITIS_LOOP_104_4                 |       -|  -4.87|   270939|  1.806e+06|      1026|        -|   264|        no|        -|        -|          -|            -|    -|
    |   o VITIS_LOOP_105_5                |       -|  -4.87|      479|  3.193e+03|         6|        1|   474|       yes|        -|        -|          -|            -|    -|
    |   o VITIS_LOOP_119_7                |       -|  -4.87|      474|  3.160e+03|         2|        1|   474|       yes|        -|        -|          -|            -|    -|
    | + grp_Filter_horizontal_HW3_fu_101  |  Timing|   0.00|   170371|  1.136e+06|         -|   170371|     -|        no|        -|  1 (~0%)|  773 (~0%)|    1793 (2%)|    -|
    |  o VITIS_LOOP_43_2                  |       -|  -4.87|   170370|  1.136e+06|       631|        -|   270|        no|        -|        -|          -|            -|    -|
    |   o VITIS_LOOP_44_3                 |       -|  -4.87|        8|     53.336|         3|        1|     6|       yes|        -|        -|          -|            -|    -|
    |   o VITIS_LOOP_45_4                 |       -|  -4.87|      478|  3.187e+03|         6|        1|   474|       yes|        -|        -|          -|            -|    -|
    +-------------------------------------+--------+-------+---------+-----------+----------+---------+------+----------+---------+---------+-----------+-------------+-----+

